Number of birds colliding with buildings in Chicago by year

From 1978 to 1988
	AVERAGE: 1135.36
	1978: 251
	1979: 718
	1980: 691
	1981: 440
	1982: 1483
	1983: 1118
	1984: 1419
	1985: 2055
	1986: 1405
	1987: 1169
	1988: 1740

From 1989 to 1999
	AVERAGE: 1339.36
	1989: 1132
	1990: 1561
	1991: 976
	1992: 1457
	1993: 1130
	1994: 2052
	1995: 1583
	1996: 2389
	1997: 414
	1998: 1435
	1999: 604

From 2000 to 2010
	AVERAGE: 2032.73
	2000: 1149
	2001: 731
	2002: 1298
	2003: 873
	2004: 1112
	2005: 1657
	2006: 2655
	2007: 2953
	2008: 3235
	2009: 3220
	2010: 3477

From 2011 to 2016
	AVERAGE: 3367
	2011: 3511
	2012: 3507
	2013: 3849
	2014: 3765
	2015: 3321
	2016: 2249
